Fatal error: Uncaught BiscuitException: Invalid key data length in /home/ptondereau/Code/ext-biscuit/tests/009-algorithms.php:3
Stack trace:
#0 /home/ptondereau/Code/ext-biscuit/tests/009-algorithms.php(3): BiscuitKeyPair->__construct()
#1 {main}
  thrown in /home/ptondereau/Code/ext-biscuit/tests/009-algorithms.php on line 3