bool(true)
bool(true)
bool(true)
bool(true)
bool(true)
bool(true)
bool(true)
bool(true)
bool(true)
bool(true)
bool(true)
bool(true)
bool(true)
bool(true)
bool(true)
bool(true)
bool(false)
bool(true)
bool(true)
bool(true)
bool(true)
bool(true)
bool(true)
bool(false)
bool(true)
bool(true)
bool(true)

Deprecated: Method ReflectionParameter::getClass() is deprecated in /home/ptondereau/Code/ext-biscuit/tests/016-stub.php on line 46
bool(true)
bool(true)
bool(false)
bool(true)
bool(true)
bool(true)
bool(true)
bool(true)